Archive member included to satisfy reference by file (symbol)

c:/program files (x86)/atmel/studio/7.0/toolchain/avr8/avr8-gnu-toolchain/bin/../lib/gcc/avr/5.4.0/avr5\libgcc.a(_exit.o)
                              C:/Program Files (x86)/Atmel/Studio/7.0/Packs/atmel/ATmega_DFP/1.6.364/gcc/dev/atmega32a/avr5/crtatmega32a.o (exit)
c:/program files (x86)/atmel/studio/7.0/toolchain/avr8/avr8-gnu-toolchain/bin/../lib/gcc/avr/5.4.0/avr5\libgcc.a(_clear_bss.o)
                              Application/application.o (__do_clear_bss)

Allocating common symbols
Common symbol       size              file

SensorValue         0x2               MCAL/ADC driver/adc.o
DigitalValue        0x2               MCAL/ADC driver/adc.o
PedistrianExist     0x1               Application/application.o
TempValue           0x2               MCAL/ADC driver/adc.o
button1             0x1               Application/application.o
AnalogValue         0x2               MCAL/ADC driver/adc.o

Discarded input sections

 .data          0x00000000        0x0 C:/Program Files (x86)/Atmel/Studio/7.0/Packs/atmel/ATmega_DFP/1.6.364/gcc/dev/atmega32a/avr5/crtatmega32a.o
 .bss           0x00000000        0x0 C:/Program Files (x86)/Atmel/Studio/7.0/Packs/atmel/ATmega_DFP/1.6.364/gcc/dev/atmega32a/avr5/crtatmega32a.o
 .text          0x00000000        0x0 Application/application.o
 .data          0x00000000        0x0 Application/application.o
 .bss           0x00000000        0x0 Application/application.o
 .bss.pushCounts
                0x00000000        0x1 Application/application.o
 .text          0x00000000        0x0 MCAL/ADC driver/adc.o
 .data          0x00000000        0x0 MCAL/ADC driver/adc.o
 .bss           0x00000000        0x0 MCAL/ADC driver/adc.o
 .text.ADC_init
                0x00000000       0x20 MCAL/ADC driver/adc.o
 .text.ADC_read
                0x00000000       0x18 MCAL/ADC driver/adc.o
 .debug_info    0x00000000       0xc0 MCAL/ADC driver/adc.o
 .debug_abbrev  0x00000000       0x55 MCAL/ADC driver/adc.o
 .debug_aranges
                0x00000000       0x28 MCAL/ADC driver/adc.o
 .debug_ranges  0x00000000       0x18 MCAL/ADC driver/adc.o
 .debug_line    0x00000000       0xc9 MCAL/ADC driver/adc.o
 .debug_str     0x00000000      0x181 MCAL/ADC driver/adc.o
 .comment       0x00000000       0x31 MCAL/ADC driver/adc.o
 .debug_frame   0x00000000       0x34 MCAL/ADC driver/adc.o
 COMMON         0x00000000        0x8 MCAL/ADC driver/adc.o
 .text          0x00000000        0x0 MCAL/DIO driver/dio.o
 .data          0x00000000        0x0 MCAL/DIO driver/dio.o
 .bss           0x00000000        0x0 MCAL/DIO driver/dio.o
 .text.DIO_read
                0x00000000       0xd4 MCAL/DIO driver/dio.o
 .text          0x00000000        0x0 main.o
 .data          0x00000000        0x0 main.o
 .bss           0x00000000        0x0 main.o
 .text          0x00000000        0x0 ECUAL/BUTTON driver/button.o
 .data          0x00000000        0x0 ECUAL/BUTTON driver/button.o
 .bss           0x00000000        0x0 ECUAL/BUTTON driver/button.o
 .text.BUTTON_init
                0x00000000        0x8 ECUAL/BUTTON driver/button.o
 .text.BUTTON_read
                0x00000000        0x6 ECUAL/BUTTON driver/button.o
 .debug_info    0x00000000      0x11e ECUAL/BUTTON driver/button.o
 .debug_abbrev  0x00000000       0x89 ECUAL/BUTTON driver/button.o
 .debug_loc     0x00000000       0xaa ECUAL/BUTTON driver/button.o
 .debug_aranges
                0x00000000       0x28 ECUAL/BUTTON driver/button.o
 .debug_ranges  0x00000000       0x18 ECUAL/BUTTON driver/button.o
 .debug_line    0x00000000       0xea ECUAL/BUTTON driver/button.o
 .debug_str     0x00000000      0x176 ECUAL/BUTTON driver/button.o
 .comment       0x00000000       0x31 ECUAL/BUTTON driver/button.o
 .debug_frame   0x00000000       0x34 ECUAL/BUTTON driver/button.o
 .text          0x00000000        0x0 ECUAL/LED driver/led.o
 .data          0x00000000        0x0 ECUAL/LED driver/led.o
 .bss           0x00000000        0x0 ECUAL/LED driver/led.o
 .text          0x00000000        0x0 MCAL/EXTERNAL INTERRUPT driver/external interrupt.o
 .data          0x00000000        0x0 MCAL/EXTERNAL INTERRUPT driver/external interrupt.o
 .bss           0x00000000        0x0 MCAL/EXTERNAL INTERRUPT driver/external interrupt.o
 .text          0x00000000        0x0 MCAL/TIMER0 driver/timer0.o
 .data          0x00000000        0x0 MCAL/TIMER0 driver/timer0.o
 .bss           0x00000000        0x0 MCAL/TIMER0 driver/timer0.o
 .text          0x00000000        0x0 MODES driver/modes.o
 .data          0x00000000        0x0 MODES driver/modes.o
 .bss           0x00000000        0x0 MODES driver/modes.o
 .text          0x00000000        0x0 TESTing/test.o
 .data          0x00000000        0x0 TESTing/test.o
 .bss           0x00000000        0x0 TESTing/test.o
 .text.DIOdriver_Test
                0x00000000       0x60 TESTing/test.o
 .text.LEDdriver_Test
                0x00000000       0x70 TESTing/test.o
 .text.TIMER0driver_Test
                0x00000000       0x38 TESTing/test.o
 .text.Interruptdriver_Test
                0x00000000        0x6 TESTing/test.o
 .bss.X         0x00000000        0x1 TESTing/test.o
 .debug_info    0x00000000      0x3fa TESTing/test.o
 .debug_abbrev  0x00000000       0xe2 TESTing/test.o
 .debug_loc     0x00000000       0xf9 TESTing/test.o
 .debug_aranges
                0x00000000       0x38 TESTing/test.o
 .debug_ranges  0x00000000       0x28 TESTing/test.o
 .debug_line    0x00000000      0x2b4 TESTing/test.o
 .debug_str     0x00000000      0x257 TESTing/test.o
 .comment       0x00000000       0x31 TESTing/test.o
 .debug_frame   0x00000000       0x78 TESTing/test.o
 .text          0x00000000        0x0 c:/program files (x86)/atmel/studio/7.0/toolchain/avr8/avr8-gnu-toolchain/bin/../lib/gcc/avr/5.4.0/avr5\libgcc.a(_exit.o)
 .data          0x00000000        0x0 c:/program files (x86)/atmel/studio/7.0/toolchain/avr8/avr8-gnu-toolchain/bin/../lib/gcc/avr/5.4.0/avr5\libgcc.a(_exit.o)
 .bss           0x00000000        0x0 c:/program files (x86)/atmel/studio/7.0/toolchain/avr8/avr8-gnu-toolchain/bin/../lib/gcc/avr/5.4.0/avr5\libgcc.a(_exit.o)
 .text.libgcc.mul
                0x00000000        0x0 c:/program files (x86)/atmel/studio/7.0/toolchain/avr8/avr8-gnu-toolchain/bin/../lib/gcc/avr/5.4.0/avr5\libgcc.a(_exit.o)
 .text.libgcc.div
                0x00000000        0x0 c:/program files (x86)/atmel/studio/7.0/toolchain/avr8/avr8-gnu-toolchain/bin/../lib/gcc/avr/5.4.0/avr5\libgcc.a(_exit.o)
 .text.libgcc   0x00000000        0x0 c:/program files (x86)/atmel/studio/7.0/toolchain/avr8/avr8-gnu-toolchain/bin/../lib/gcc/avr/5.4.0/avr5\libgcc.a(_exit.o)
 .text.libgcc.prologue
                0x00000000        0x0 c:/program files (x86)/atmel/studio/7.0/toolchain/avr8/avr8-gnu-toolchain/bin/../lib/gcc/avr/5.4.0/avr5\libgcc.a(_exit.o)
 .text.libgcc.builtins
                0x00000000        0x0 c:/program files (x86)/atmel/studio/7.0/toolchain/avr8/avr8-gnu-toolchain/bin/../lib/gcc/avr/5.4.0/avr5\libgcc.a(_exit.o)
 .text.libgcc.fmul
                0x00000000        0x0 c:/program files (x86)/atmel/studio/7.0/toolchain/avr8/avr8-gnu-toolchain/bin/../lib/gcc/avr/5.4.0/avr5\libgcc.a(_exit.o)
 .text.libgcc.fixed
                0x00000000        0x0 c:/program files (x86)/atmel/studio/7.0/toolchain/avr8/avr8-gnu-toolchain/bin/../lib/gcc/avr/5.4.0/avr5\libgcc.a(_exit.o)
 .text          0x00000000        0x0 c:/program files (x86)/atmel/studio/7.0/toolchain/avr8/avr8-gnu-toolchain/bin/../lib/gcc/avr/5.4.0/avr5\libgcc.a(_clear_bss.o)
 .data          0x00000000        0x0 c:/program files (x86)/atmel/studio/7.0/toolchain/avr8/avr8-gnu-toolchain/bin/../lib/gcc/avr/5.4.0/avr5\libgcc.a(_clear_bss.o)
 .bss           0x00000000        0x0 c:/program files (x86)/atmel/studio/7.0/toolchain/avr8/avr8-gnu-toolchain/bin/../lib/gcc/avr/5.4.0/avr5\libgcc.a(_clear_bss.o)
 .text.libgcc.mul
                0x00000000        0x0 c:/program files (x86)/atmel/studio/7.0/toolchain/avr8/avr8-gnu-toolchain/bin/../lib/gcc/avr/5.4.0/avr5\libgcc.a(_clear_bss.o)
 .text.libgcc.div
                0x00000000        0x0 c:/program files (x86)/atmel/studio/7.0/toolchain/avr8/avr8-gnu-toolchain/bin/../lib/gcc/avr/5.4.0/avr5\libgcc.a(_clear_bss.o)
 .text.libgcc   0x00000000        0x0 c:/program files (x86)/atmel/studio/7.0/toolchain/avr8/avr8-gnu-toolchain/bin/../lib/gcc/avr/5.4.0/avr5\libgcc.a(_clear_bss.o)
 .text.libgcc.prologue
                0x00000000        0x0 c:/program files (x86)/atmel/studio/7.0/toolchain/avr8/avr8-gnu-toolchain/bin/../lib/gcc/avr/5.4.0/avr5\libgcc.a(_clear_bss.o)
 .text.libgcc.builtins
                0x00000000        0x0 c:/program files (x86)/atmel/studio/7.0/toolchain/avr8/avr8-gnu-toolchain/bin/../lib/gcc/avr/5.4.0/avr5\libgcc.a(_clear_bss.o)
 .text.libgcc.fmul
                0x00000000        0x0 c:/program files (x86)/atmel/studio/7.0/toolchain/avr8/avr8-gnu-toolchain/bin/../lib/gcc/avr/5.4.0/avr5\libgcc.a(_clear_bss.o)
 .text.libgcc.fixed
                0x00000000        0x0 c:/program files (x86)/atmel/studio/7.0/toolchain/avr8/avr8-gnu-toolchain/bin/../lib/gcc/avr/5.4.0/avr5\libgcc.a(_clear_bss.o)

Memory Configuration

Name             Origin             Length             Attributes
text             0x00000000         0x00008000         xr
data             0x00800060         0x00000800         rw !x
eeprom           0x00810000         0x00000400         rw !x
fuse             0x00820000         0x00000002         rw !x
lock             0x00830000         0x00000400         rw !x
signature        0x00840000         0x00000400         rw !x
user_signatures  0x00850000         0x00000400         rw !x
*default*        0x00000000         0xffffffff

Linker script and memory map

LOAD C:/Program Files (x86)/Atmel/Studio/7.0/Packs/atmel/ATmega_DFP/1.6.364/gcc/dev/atmega32a/avr5/crtatmega32a.o
LOAD Application/application.o
LOAD MCAL/ADC driver/adc.o
LOAD MCAL/DIO driver/dio.o
LOAD main.o
LOAD ECUAL/BUTTON driver/button.o
LOAD ECUAL/LED driver/led.o
LOAD MCAL/EXTERNAL INTERRUPT driver/external interrupt.o
LOAD MCAL/TIMER0 driver/timer0.o
LOAD MODES driver/modes.o
LOAD TESTing/test.o
START GROUP
LOAD c:/program files (x86)/atmel/studio/7.0/toolchain/avr8/avr8-gnu-toolchain/bin/../lib/gcc/avr/5.4.0/../../../../avr/lib/avr5\libm.a
END GROUP
START GROUP
LOAD c:/program files (x86)/atmel/studio/7.0/toolchain/avr8/avr8-gnu-toolchain/bin/../lib/gcc/avr/5.4.0/avr5\libgcc.a
LOAD c:/program files (x86)/atmel/studio/7.0/toolchain/avr8/avr8-gnu-toolchain/bin/../lib/gcc/avr/5.4.0/../../../../avr/lib/avr5\libm.a
LOAD c:/program files (x86)/atmel/studio/7.0/toolchain/avr8/avr8-gnu-toolchain/bin/../lib/gcc/avr/5.4.0/../../../../avr/lib/avr5\libc.a
LOAD C:/Program Files (x86)/Atmel/Studio/7.0/Packs/atmel/ATmega_DFP/1.6.364/gcc/dev/atmega32a/avr5\libatmega32a.a
END GROUP
                [0x00000000]                __TEXT_REGION_ORIGIN__ = DEFINED (__TEXT_REGION_ORIGIN__)?__TEXT_REGION_ORIGIN__:0x0
                [0x00800060]                __DATA_REGION_ORIGIN__ = DEFINED (__DATA_REGION_ORIGIN__)?__DATA_REGION_ORIGIN__:0x800060
                [0x00008000]                __TEXT_REGION_LENGTH__ = DEFINED (__TEXT_REGION_LENGTH__)?__TEXT_REGION_LENGTH__:0x20000
                [0x00000800]                __DATA_REGION_LENGTH__ = DEFINED (__DATA_REGION_LENGTH__)?__DATA_REGION_LENGTH__:0xffa0
                [0x00000400]                __EEPROM_REGION_LENGTH__ = DEFINED (__EEPROM_REGION_LENGTH__)?__EEPROM_REGION_LENGTH__:0x10000
                [0x00000002]                __FUSE_REGION_LENGTH__ = DEFINED (__FUSE_REGION_LENGTH__)?__FUSE_REGION_LENGTH__:0x400
                0x00000400                __LOCK_REGION_LENGTH__ = DEFINED (__LOCK_REGION_LENGTH__)?__LOCK_REGION_LENGTH__:0x400
                0x00000400                __SIGNATURE_REGION_LENGTH__ = DEFINED (__SIGNATURE_REGION_LENGTH__)?__SIGNATURE_REGION_LENGTH__:0x400
                0x00000400                __USER_SIGNATURE_REGION_LENGTH__ = DEFINED (__USER_SIGNATURE_REGION_LENGTH__)?__USER_SIGNATURE_REGION_LENGTH__:0x400

.hash
 *(.hash)

.dynsym
 *(.dynsym)

.dynstr
 *(.dynstr)

.gnu.version
 *(.gnu.version)

.gnu.version_d
 *(.gnu.version_d)

.gnu.version_r
 *(.gnu.version_r)

.rel.init
 *(.rel.init)

.rela.init
 *(.rela.init)

.rel.text
 *(.rel.text)
 *(.rel.text.*)
 *(.rel.gnu.linkonce.t*)

.rela.text
 *(.rela.text)
 *(.rela.text.*)
 *(.rela.gnu.linkonce.t*)

.rel.fini
 *(.rel.fini)

.rela.fini
 *(.rela.fini)

.rel.rodata
 *(.rel.rodata)
 *(.rel.rodata.*)
 *(.rel.gnu.linkonce.r*)

.rela.rodata
 *(.rela.rodata)
 *(.rela.rodata.*)
 *(.rela.gnu.linkonce.r*)

.rel.data
 *(.rel.data)
 *(.rel.data.*)
 *(.rel.gnu.linkonce.d*)

.rela.data
 *(.rela.data)
 *(.rela.data.*)
 *(.rela.gnu.linkonce.d*)

.rel.ctors
 *(.rel.ctors)

.rela.ctors
 *(.rela.ctors)

.rel.dtors
 *(.rel.dtors)

.rela.dtors
 *(.rela.dtors)

.rel.got
 *(.rel.got)

.rela.got
 *(.rela.got)

.rel.bss
 *(.rel.bss)

.rela.bss
 *(.rela.bss)

.rel.plt
 *(.rel.plt)

.rela.plt
 *(.rela.plt)

.text           0x00000000      0x5fc
 *(.vectors)
 .vectors       0x00000000       0x54 C:/Program Files (x86)/Atmel/Studio/7.0/Packs/atmel/ATmega_DFP/1.6.364/gcc/dev/atmega32a/avr5/crtatmega32a.o
                0x00000000                __vector_default
                0x00000000                __vectors
 *(.vectors)
 *(.progmem.gcc*)
                0x00000054                . = ALIGN (0x2)
                0x00000054                __trampolines_start = .
 *(.trampolines)
 .trampolines   0x00000054        0x0 linker stubs
 *(.trampolines*)
                0x00000054                __trampolines_end = .
 *libprintf_flt.a:*(.progmem.data)
 *libc.a:*(.progmem.data)
 *(.progmem*)
                0x00000054                . = ALIGN (0x2)
 *(.jumptables)
 *(.jumptables*)
 *(.lowtext)
 *(.lowtext*)
                0x00000054                __ctors_start = .
 *(.ctors)
                0x00000054                __ctors_end = .
                0x00000054                __dtors_start = .
 *(.dtors)
                0x00000054                __dtors_end = .
 SORT(*)(.ctors)
 SORT(*)(.dtors)
 *(.init0)
 .init0         0x00000054        0x0 C:/Program Files (x86)/Atmel/Studio/7.0/Packs/atmel/ATmega_DFP/1.6.364/gcc/dev/atmega32a/avr5/crtatmega32a.o
                0x00000054                __init
 *(.init0)
 *(.init1)
 *(.init1)
 *(.init2)
 .init2         0x00000054        0xc C:/Program Files (x86)/Atmel/Studio/7.0/Packs/atmel/ATmega_DFP/1.6.364/gcc/dev/atmega32a/avr5/crtatmega32a.o
 *(.init2)
 *(.init3)
 *(.init3)
 *(.init4)
 .init4         0x00000060       0x10 c:/program files (x86)/atmel/studio/7.0/toolchain/avr8/avr8-gnu-toolchain/bin/../lib/gcc/avr/5.4.0/avr5\libgcc.a(_clear_bss.o)
                0x00000060                __do_clear_bss
 *(.init4)
 *(.init5)
 *(.init5)
 *(.init6)
 *(.init6)
 *(.init7)
 *(.init7)
 *(.init8)
 *(.init8)
 *(.init9)
 .init9         0x00000070        0x8 C:/Program Files (x86)/Atmel/Studio/7.0/Packs/atmel/ATmega_DFP/1.6.364/gcc/dev/atmega32a/avr5/crtatmega32a.o
 *(.init9)
 *(.text)
 .text          0x00000078        0x4 C:/Program Files (x86)/Atmel/Studio/7.0/Packs/atmel/ATmega_DFP/1.6.364/gcc/dev/atmega32a/avr5/crtatmega32a.o
                0x00000078                __vector_12
                0x00000078                __bad_interrupt
                0x00000078                __vector_6
                0x00000078                __vector_3
                0x00000078                __vector_11
                0x00000078                __vector_13
                0x00000078                __vector_17
                0x00000078                __vector_19
                0x00000078                __vector_7
                0x00000078                __vector_5
                0x00000078                __vector_4
                0x00000078                __vector_9
                0x00000078                __vector_2
                0x00000078                __vector_15
                0x00000078                __vector_8
                0x00000078                __vector_14
                0x00000078                __vector_10
                0x00000078                __vector_16
                0x00000078                __vector_18
                0x00000078                __vector_20
                0x0000007c                . = ALIGN (0x2)
 *(.text.*)
 .text.APP_init
                0x0000007c       0x52 Application/application.o
                0x0000007c                APP_init
 .text.APP_start
                0x000000ce       0x1c Application/application.o
                0x000000ce                APP_start
 .text.__vector_1
                0x000000ea       0x1e Application/application.o
                0x000000ea                __vector_1
 .text.DIO_init
                0x00000108       0xcc MCAL/DIO driver/dio.o
                0x00000108                DIO_init
 .text.DIO_write
                0x000001d4       0xcc MCAL/DIO driver/dio.o
                0x000001d4                DIO_write
 .text.DIO_toggle
                0x000002a0       0x58 MCAL/DIO driver/dio.o
                0x000002a0                DIO_toggle
 .text.main     0x000002f8        0xa main.o
                0x000002f8                main
 .text.LED_init
                0x00000302        0xc ECUAL/LED driver/led.o
                0x00000302                LED_init
 .text.LED_on   0x0000030e        0xc ECUAL/LED driver/led.o
                0x0000030e                LED_on
 .text.LED_off  0x0000031a        0xc ECUAL/LED driver/led.o
                0x0000031a                LED_off
 .text.LED_toggle
                0x00000326        0xa ECUAL/LED driver/led.o
                0x00000326                LED_toggle
 .text.INTERRUPT_init
                0x00000330       0x16 MCAL/EXTERNAL INTERRUPT driver/external interrupt.o
                0x00000330                INTERRUPT_init
 .text.TIMER0_init
                0x00000346        0x8 MCAL/TIMER0 driver/timer0.o
                0x00000346                TIMER0_init
 .text.TIMER0_start
                0x0000034e        0xc MCAL/TIMER0 driver/timer0.o
                0x0000034e                TIMER0_start
 .text.TIMER0_delay
                0x0000035a       0x2e MCAL/TIMER0 driver/timer0.o
                0x0000035a                TIMER0_delay
 .text.normalMode
                0x00000388      0x124 MODES driver/modes.o
                0x00000388                normalMode
 .text.pedistrianMode
                0x000004ac      0x14c MODES driver/modes.o
                0x000004ac                pedistrianMode
                0x000005f8                . = ALIGN (0x2)
 *(.fini9)
 .fini9         0x000005f8        0x0 c:/program files (x86)/atmel/studio/7.0/toolchain/avr8/avr8-gnu-toolchain/bin/../lib/gcc/avr/5.4.0/avr5\libgcc.a(_exit.o)
                0x000005f8                _exit
                0x000005f8                exit
 *(.fini9)
 *(.fini8)
 *(.fini8)
 *(.fini7)
 *(.fini7)
 *(.fini6)
 *(.fini6)
 *(.fini5)
 *(.fini5)
 *(.fini4)
 *(.fini4)
 *(.fini3)
 *(.fini3)
 *(.fini2)
 *(.fini2)
 *(.fini1)
 *(.fini1)
 *(.fini0)
 .fini0         0x000005f8        0x4 c:/program files (x86)/atmel/studio/7.0/toolchain/avr8/avr8-gnu-toolchain/bin/../lib/gcc/avr/5.4.0/avr5\libgcc.a(_exit.o)
 *(.fini0)
                0x000005fc                _etext = .

.data           0x00800060        0x0 load address 0x000005fc
                [!provide]                PROVIDE (__data_start, .)
 *(.data)
 *(.data*)
 *(.gnu.linkonce.d*)
 *(.rodata)
 *(.rodata*)
 *(.gnu.linkonce.r*)
                0x00800060                . = ALIGN (0x2)
                0x00800060                _edata = .
                [!provide]                PROVIDE (__data_end, .)

.bss            0x00800060        0x5
                0x00800060                PROVIDE (__bss_start, .)
 *(.bss)
 *(.bss*)
 .bss.Car_yellow
                0x00800060        0x1 MODES driver/modes.o
                0x00800060                Car_yellow
 .bss.Car_red   0x00800061        0x1 MODES driver/modes.o
                0x00800061                Car_red
 .bss.Car_green
                0x00800062        0x1 MODES driver/modes.o
                0x00800062                Car_green
 *(COMMON)
 COMMON         0x00800063        0x2 Application/application.o
                0x00800063                PedistrianExist
                0x00800064                button1
                0x00800065                PROVIDE (__bss_end, .)
                0x000005fc                __data_load_start = LOADADDR (.data)
                0x000005fc                __data_load_end = (__data_load_start + SIZEOF (.data))

.noinit         0x00800065        0x0
                [!provide]                PROVIDE (__noinit_start, .)
 *(.noinit*)
                [!provide]                PROVIDE (__noinit_end, .)
                0x00800065                _end = .
                [!provide]                PROVIDE (__heap_start, .)

.eeprom         0x00810000        0x0
 *(.eeprom*)
                0x00810000                __eeprom_end = .

.fuse
 *(.fuse)
 *(.lfuse)
 *(.hfuse)
 *(.efuse)

.lock
 *(.lock*)

.signature
 *(.signature*)

.user_signatures
 *(.user_signatures*)

.stab
 *(.stab)

.stabstr
 *(.stabstr)

.stab.excl
 *(.stab.excl)

.stab.exclstr
 *(.stab.exclstr)

.stab.index
 *(.stab.index)

.stab.indexstr
 *(.stab.indexstr)

.comment        0x00000000       0x30
 *(.comment)
 .comment       0x00000000       0x30 Application/application.o
                                 0x31 (size before relaxing)
 .comment       0x00000030       0x31 MCAL/DIO driver/dio.o
 .comment       0x00000030       0x31 main.o
 .comment       0x00000030       0x31 ECUAL/LED driver/led.o
 .comment       0x00000030       0x31 MCAL/EXTERNAL INTERRUPT driver/external interrupt.o
 .comment       0x00000030       0x31 MCAL/TIMER0 driver/timer0.o
 .comment       0x00000030       0x31 MODES driver/modes.o

.note.gnu.avr.deviceinfo
                0x00000000       0x3c
 .note.gnu.avr.deviceinfo
                0x00000000       0x3c C:/Program Files (x86)/Atmel/Studio/7.0/Packs/atmel/ATmega_DFP/1.6.364/gcc/dev/atmega32a/avr5/crtatmega32a.o

.note.gnu.build-id
 *(.note.gnu.build-id)

.debug
 *(.debug)

.line
 *(.line)

.debug_srcinfo
 *(.debug_srcinfo)

.debug_sfnames
 *(.debug_sfnames)

.debug_aranges  0x00000000      0x138
 *(.debug_aranges)
 .debug_aranges
                0x00000000       0x30 Application/application.o
 .debug_aranges
                0x00000030       0x38 MCAL/DIO driver/dio.o
 .debug_aranges
                0x00000068       0x20 main.o
 .debug_aranges
                0x00000088       0x38 ECUAL/LED driver/led.o
 .debug_aranges
                0x000000c0       0x20 MCAL/EXTERNAL INTERRUPT driver/external interrupt.o
 .debug_aranges
                0x000000e0       0x30 MCAL/TIMER0 driver/timer0.o
 .debug_aranges
                0x00000110       0x28 MODES driver/modes.o

.debug_pubnames
 *(.debug_pubnames)

.debug_info     0x00000000     0x1455
 *(.debug_info .gnu.linkonce.wi.*)
 .debug_info    0x00000000      0x4e6 C:/Program Files (x86)/Atmel/Studio/7.0/Packs/atmel/ATmega_DFP/1.6.364/gcc/dev/atmega32a/avr5/crtatmega32a.o
 .debug_info    0x000004e6      0x245 Application/application.o
 .debug_info    0x0000072b      0x18a MCAL/DIO driver/dio.o
 .debug_info    0x000008b5       0xe2 main.o
 .debug_info    0x00000997      0x26a ECUAL/LED driver/led.o
 .debug_info    0x00000c01       0xae MCAL/EXTERNAL INTERRUPT driver/external interrupt.o
 .debug_info    0x00000caf      0x14a MCAL/TIMER0 driver/timer0.o
 .debug_info    0x00000df9      0x65c MODES driver/modes.o

.debug_abbrev   0x00000000      0x95b
 *(.debug_abbrev)
 .debug_abbrev  0x00000000      0x4a3 C:/Program Files (x86)/Atmel/Studio/7.0/Packs/atmel/ATmega_DFP/1.6.364/gcc/dev/atmega32a/avr5/crtatmega32a.o
 .debug_abbrev  0x000004a3       0xb7 Application/application.o
 .debug_abbrev  0x0000055a       0xa5 MCAL/DIO driver/dio.o
 .debug_abbrev  0x000005ff       0x8d main.o
 .debug_abbrev  0x0000068c       0xce ECUAL/LED driver/led.o
 .debug_abbrev  0x0000075a       0x6b MCAL/EXTERNAL INTERRUPT driver/external interrupt.o
 .debug_abbrev  0x000007c5       0xcc MCAL/TIMER0 driver/timer0.o
 .debug_abbrev  0x00000891       0xca MODES driver/modes.o

.debug_line     0x00000000      0xee5
 *(.debug_line .debug_line.* .debug_line_end)
 .debug_line    0x00000000      0x116 C:/Program Files (x86)/Atmel/Studio/7.0/Packs/atmel/ATmega_DFP/1.6.364/gcc/dev/atmega32a/avr5/crtatmega32a.o
 .debug_line    0x00000116      0x284 Application/application.o
 .debug_line    0x0000039a      0x276 MCAL/DIO driver/dio.o
 .debug_line    0x00000610      0x102 main.o
 .debug_line    0x00000712      0x1dc ECUAL/LED driver/led.o
 .debug_line    0x000008ee       0xf4 MCAL/EXTERNAL INTERRUPT driver/external interrupt.o
 .debug_line    0x000009e2      0x198 MCAL/TIMER0 driver/timer0.o
 .debug_line    0x00000b7a      0x36b MODES driver/modes.o

.debug_frame    0x00000000      0x1d4
 *(.debug_frame)
 .debug_frame   0x00000000       0x54 Application/application.o
 .debug_frame   0x00000054       0x54 MCAL/DIO driver/dio.o
 .debug_frame   0x000000a8       0x24 main.o
 .debug_frame   0x000000cc       0x54 ECUAL/LED driver/led.o
 .debug_frame   0x00000120       0x24 MCAL/EXTERNAL INTERRUPT driver/external interrupt.o
 .debug_frame   0x00000144       0x44 MCAL/TIMER0 driver/timer0.o
 .debug_frame   0x00000188       0x4c MODES driver/modes.o

.debug_str      0x00000000      0x608
 *(.debug_str)
 .debug_str     0x00000000      0x196 C:/Program Files (x86)/Atmel/Studio/7.0/Packs/atmel/ATmega_DFP/1.6.364/gcc/dev/atmega32a/avr5/crtatmega32a.o
 .debug_str     0x00000196      0x1ed Application/application.o
                                0x221 (size before relaxing)
 .debug_str     0x00000383       0xfd MCAL/DIO driver/dio.o
                                0x1be (size before relaxing)
 .debug_str     0x00000480       0x11 main.o
                                0x1b9 (size before relaxing)
 .debug_str     0x00000491       0x5a ECUAL/LED driver/led.o
                                0x20c (size before relaxing)
 .debug_str     0x000004eb       0x37 MCAL/EXTERNAL INTERRUPT driver/external interrupt.o
                                0x1d8 (size before relaxing)
 .debug_str     0x00000522       0x83 MCAL/TIMER0 driver/timer0.o
                                0x231 (size before relaxing)
 .debug_str     0x000005a5       0x63 MODES driver/modes.o
                                0x23e (size before relaxing)

.debug_loc      0x00000000      0x5d0
 *(.debug_loc)
 .debug_loc     0x00000000       0x3c Application/application.o
 .debug_loc     0x0000003c      0x2f5 MCAL/DIO driver/dio.o
 .debug_loc     0x00000331      0x154 ECUAL/LED driver/led.o
 .debug_loc     0x00000485       0x61 MCAL/TIMER0 driver/timer0.o
 .debug_loc     0x000004e6       0xea MODES driver/modes.o

.debug_macinfo
 *(.debug_macinfo)

.debug_weaknames
 *(.debug_weaknames)

.debug_funcnames
 *(.debug_funcnames)

.debug_typenames
 *(.debug_typenames)

.debug_varnames
 *(.debug_varnames)

.debug_pubtypes
 *(.debug_pubtypes)

.debug_ranges   0x00000000       0xc8
 *(.debug_ranges)
 .debug_ranges  0x00000000       0x20 Application/application.o
 .debug_ranges  0x00000020       0x28 MCAL/DIO driver/dio.o
 .debug_ranges  0x00000048       0x10 main.o
 .debug_ranges  0x00000058       0x28 ECUAL/LED driver/led.o
 .debug_ranges  0x00000080       0x10 MCAL/EXTERNAL INTERRUPT driver/external interrupt.o
 .debug_ranges  0x00000090       0x20 MCAL/TIMER0 driver/timer0.o
 .debug_ranges  0x000000b0       0x18 MODES driver/modes.o

.debug_macro
 *(.debug_macro)
OUTPUT(OnDemand Traffic lights.elf elf32-avr)
LOAD linker stubs
